[www.rnsit.ac.in/index.html]
[backblue.gif]
[fade.gif]
[index.html]
[www.rnsit.ac.in/images/logo.png]
[www.rnsit.ac.in/manifest.json]
[rnsaikya.herokuapp.com/static/img/rnsit.png]
[www.rnsit.ac.in/contact.html]
[www.rnsit.ac.in/hr.html]
[www.rnsit.ac.in/cse.html]
[www.rnsit.ac.in/ece.html]
[www.rnsit.ac.in/eee.html]
[www.rnsit.ac.in/ise.html]
[www.rnsit.ac.in/mech.html]
[www.rnsit.ac.in/eie.html]
[www.rnsit.ac.in/civil.html]
[www.rnsit.ac.in/mca.html]
[www.rnsit.ac.in/physics.html]
[www.rnsit.ac.in/chemistry.html]
[www.rnsit.ac.in/mathematics.html]
[www.rnsit.ac.in/alumni.html]
[www.rnsit.ac.in/admissions.html]
[www.rnsit.ac.in/cultural.html]
[www.rnsit.ac.in/Student-Portal/index.html]
[www.rnsit.ac.in/chairman.html]
[www.rnsit.ac.in/facilities.html]
[www.rnsit.ac.in/director.html]
[www.rnsit.ac.in/principal.html]
[www.rnsit.ac.in/registrar.html]
[www.rnsit.ac.in/contact-2.html]
[www.rnsit.ac.in/images/RNSIT.png]
[www.rnsit.ac.in/images/EOA_Report_2020-21.pdf]
[www.rnsit.ac.in/images/Admissions@RNSIT.jpg]
[www.rnsit.ac.in/images/ugcPublicNotice.pdf]
[www.rnsit.ac.in/images/Final_Bro_Web.pdf]
[www.rnsit.ac.in/images/nbaresults.pdf]
[www.rnsit.ac.in/images/cplmtb2018.pdf]
[www.rnsit.ac.in/images/cplmtb2017.pdf]
[www.rnsit.ac.in/images/toprecesemp.pdf]
[www.rnsit.ac.in/images/2018_At_A_Glance.pdf]
[www.rnsit.ac.in/images/IQACComp.pdf]
[www.rnsit.ac.in/images/handbook.pdf]
[www.rnsit.ac.in/images/meetings.pdf]
[www.rnsit.ac.in/images/Convocation_Updated.2d.delayed]
[www.rnsit.ac.in/images/RNSIT_CoEn.pdf]
[www.rnsit.ac.in/rnsit_old/Naac.31.delayed]
[www.rnsit.ac.in/images/rnsit_engg_2020.pdf]
[www.rnsit.ac.in/images/rnsit_mba_2020.pdf]
[www.rnsit.ac.in/images/rnsit_overall_2020.pdf]
[www.rnsit.ac.in/images/home/ground.jpg]
[www.rnsit.ac.in/images/home/temple.jpg]
[www.rnsit.ac.in/images/home/farm.jpg]
[www.rnsit.ac.in/images/home/sunset.jpg]
[www.rnsit.ac.in/images/home/block1.jpg]
[www.rnsit.ac.in/images/home/plant.jpg]
[www.rnsit.ac.in/images/home/block.jpg]
[www.rnsit.ac.in/images/home/block2.jpg]
[code.jquery.com/jquery-2.1.1.min.js]
[www.rnsit.ac.in/js/materialize.min.js]
[www.rnsit.ac.in/js/index.js]
[www.rnsit.ac.in/js/navbar.js]
[www.rnsit.ac.in/rnsit/serviceWorker.js]
[www.rnsit.ac.in/index.html]
[www.rnsit.ac.in/fonts/roboto/Roboto-Thin.eot]
[www.rnsit.ac.in/fonts/roboto/Roboto-Thind41d.eot]
[www.rnsit.ac.in/fonts/roboto/Roboto-Thin.woff]
[www.rnsit.ac.in/fonts/roboto/Roboto-Thin.ttf]
[www.rnsit.ac.in/fonts/roboto/Roboto-Light.eot]
[www.rnsit.ac.in/fonts/roboto/Roboto-Lightd41d.eot]
[www.rnsit.ac.in/fonts/roboto/Roboto-Light.woff]
[www.rnsit.ac.in/fonts/roboto/Roboto-Light.ttf]
[www.rnsit.ac.in/fonts/roboto/Roboto-Regular.eot]
[www.rnsit.ac.in/fonts/roboto/Roboto-Regulard41d.eot]
[www.rnsit.ac.in/fonts/roboto/Roboto-Regular.woff]
[www.rnsit.ac.in/fonts/roboto/Roboto-Regular.ttf]
[www.rnsit.ac.in/fonts/roboto/Roboto-Medium.eot]
[www.rnsit.ac.in/fonts/roboto/Roboto-Mediumd41d.eot]
[www.rnsit.ac.in/fonts/roboto/Roboto-Medium.woff]
[www.rnsit.ac.in/fonts/roboto/Roboto-Medium.ttf]
[www.rnsit.ac.in/fonts/roboto/Roboto-Bold.eot]
[www.rnsit.ac.in/fonts/roboto/Roboto-Boldd41d.eot]
[www.rnsit.ac.in/fonts/roboto/Roboto-Bold.woff]
[www.rnsit.ac.in/fonts/roboto/Roboto-Bold.ttf]
[www.rnsit.ac.in/css/materialize.min.css]
[www.rnsit.ac.in/css/default.css]
[www.rnsit.ac.in/images/home/block3.jpg]
[www.rnsit.ac.in/images/home/hero.jpg]
[www.rnsit.ac.in/images/vint.62.delayed]
[www.rnsit.ac.in/images/night1.jpg]
[www.rnsit.ac.in/css/index.css]
[www.rnsit.ac.in/css/nav.css]
[www.rnsit.ac.in/css/footer.css]
[www.rnsit.ac.in/images/RNSIT.svg]
[www.rnsit.ac.in/imgages/logo.64.delayed]
[cdnjs.cloudflare.com/ajax/libs/materialize/0.98.1/css/materialize.min.css]
[www.rnsit.ac.in/index-2.html]
[www.rnsit.ac.in/contact.html]
[cdnjs.cloudflare.com/ajax/libs/materialize/0.98.1/js/materialize.min.js]
[www.rnsit.ac.in/images/placement/POSomshkr.jpg]
[www.rnsit.ac.in/images/placement/driv7.jpg]
[www.rnsit.ac.in/images/placement/driv1.jpg]
[www.rnsit.ac.in/images/placement/driv2.jpg]
[www.rnsit.ac.in/images/placement/driv4.jpg]
[www.rnsit.ac.in/images/placement/driv6.jpg]
[www.rnsit.ac.in/images/placement/driv8.jpg]
[www.rnsit.ac.in/images/placement/POSomshkr1.jpg]
[www.rnsit.ac.in/images/placement/ybclo1.jpg]
[www.rnsit.ac.in/images/placement/3.jpg]
[www.rnsit.ac.in/images/placement/4.jpg]
[www.rnsit.ac.in/images/placement/placgroup.jpg]
[www.rnsit.ac.in/images/Highlights.pdf]
[www.rnsit.ac.in/images/ppcc.pdf]
[www.rnsit.ac.in/images/Companies.pdf]
[www.rnsit.ac.in/js/dept.js]
[www.rnsit.ac.in/js/modal.js]
[www.rnsit.ac.in/hr.html]
[www.rnsit.ac.in/images/cse/dept_profile.pdf]
[www.rnsit.ac.in/images/cse/lab1.jpg]
[www.rnsit.ac.in/images/cse/lab2.jpg]
[www.rnsit.ac.in/images/cse/lab3.jpg]
[www.rnsit.ac.in/images/cse/iqac_rnsit.pdf]
[www.rnsit.ac.in/images/cse/students_achievements.pdf]
[www.rnsit.ac.in/images/cse/department_peo_po_pso.pdf]
[www.rnsit.ac.in/images/cse/COs.pdf]
[www.rnsit.ac.in/images/cse/Syllabus-VTU.rar]
[www.rnsit.ac.in/images/cse/1.jpg]
[www.rnsit.ac.in/images/cse/Faculty_Profile/Dr. G T Raju.pdf]
[www.rnsit.ac.in/images/mca/1.jpg]
[www.rnsit.ac.in/images/cse/Faculty_Profile/Dr. N P Kavya.pdf]
[www.rnsit.ac.in/images/cse/2.jpg]
[www.rnsit.ac.in/images/cse/Faculty_Profile/Dr.Girijamma H A.pdf]
[www.rnsit.ac.in/images/cse/3.jpg]
[www.rnsit.ac.in/images/cse/Faculty_Profile/Dr. H R Shashidhara.pdf]
[www.rnsit.ac.in/images/cse/5.jpg]
[www.rnsit.ac.in/images/cse/Faculty_Profile/Dr. Kiran P.pdf]
[www.rnsit.ac.in/images/cse/6.jpg]
[www.rnsit.ac.in/images/cse/Faculty_Profile/Hemanth S.pdf]
[www.rnsit.ac.in/images/cse/7.jpg]
[www.rnsit.ac.in/images/cse/Faculty_Profile/Dr. Bhavanishankar K.pdf]
[www.rnsit.ac.in/images/cse/8.jpg]
[www.rnsit.ac.in/images/cse/Faculty_Profile/Dr.ANJAN KUMAR.pdf]
[www.rnsit.ac.in/images/cse/9.jpg]
[www.rnsit.ac.in/images/cse/Faculty_Profile/Dr.M J Sudhamani.96.delayed]
[www.rnsit.ac.in/images/cse/mamatha_jajur.jpg]
[www.rnsit.ac.in/images/cse/Faculty_Profile/S Mamatha Jajur.pdf]
[www.rnsit.ac.in/images/cse/manjula_l.jpg]
[www.rnsit.ac.in/images/cse/Faculty_Profile/Manjula L.pdf]
[www.rnsit.ac.in/images/cse/11.jpg]
[www.rnsit.ac.in/images/cse/Faculty_Profile/SANJAY P K.9c.delayed]
[www.rnsit.ac.in/images/cse/13.jpg]
[www.rnsit.ac.in/images/cse/Faculty_Profile/Swathi G.pdf]
[www.rnsit.ac.in/images/cse/14.jpg]
[www.rnsit.ac.in/images/cse/Faculty_Profile/Devaraju B M.pdf]
[www.rnsit.ac.in/images/cse/16.jpg]
[www.rnsit.ac.in/images/cse/Faculty_Profile/Sampada K S.pdf]
[www.rnsit.ac.in/images/cse/17.jpg]
[www.rnsit.ac.in/images/cse/Faculty_Profile/Sunil Kumar K.pdf]
[www.rnsit.ac.in/images/cse/18.jpg]
[www.rnsit.ac.in/images/cse/Faculty_Profile/Ramyashree A N.pdf]
[www.rnsit.ac.in/images/cse/19.jpg]
[www.rnsit.ac.in/images/cse/Faculty_Profile/Reshma Jakabal.pdf]
[www.rnsit.ac.in/images/cse/20.jpg]
[www.rnsit.ac.in/images/cse/Faculty_Profile/Chetan D S.aa.delayed]
[www.rnsit.ac.in/images/cse/21.jpg]
[www.rnsit.ac.in/images/cse/Faculty_Profile/Medha G.pdf]
[www.rnsit.ac.in/images/cse/22.jpg]
[www.rnsit.ac.in/images/cse/Faculty_Profile/Vidya Y.pdf]
[www.rnsit.ac.in/images/cse/23.jpg]
[www.rnsit.ac.in/images/cse/Faculty_Profile/Rashmi M.pdf]
[www.rnsit.ac.in/images/cse/24.jpg]
[www.rnsit.ac.in/images/cse/Faculty_Profile/Shrinivas Biradar.pdf]
[www.rnsit.ac.in/images/cse/25.jpg]
[www.rnsit.ac.in/images/cse/Faculty_Profile/Chethana H R.pdf]
[www.rnsit.ac.in/images/mca/17.jpg]
[www.rnsit.ac.in/images/cse/Faculty_Profile/Nayana B M.pdf]
[www.rnsit.ac.in/images/cse/csesoumyang.jpg]
[www.rnsit.ac.in/images/cse/Faculty_Profile/Soumya N G.pdf]
[www.rnsit.ac.in/images/cse/26.jpg]
[www.rnsit.ac.in/images/cse/27.jpg]
[www.rnsit.ac.in/images/cse/28.jpg]
[www.rnsit.ac.in/images/cse/29.jpg]
[www.rnsit.ac.in/images/cse/31.jpg]
[www.rnsit.ac.in/images/cse/32.jpg]
[www.rnsit.ac.in/images/cse/33.jpg]
[www.rnsit.ac.in/images/cse/34.jpg]
[www.rnsit.ac.in/images/cse/35.jpg]
[www.rnsit.ac.in/images/cse/csevittal.jpg]
[www.rnsit.ac.in/images/cse/37.jpg]
[www.rnsit.ac.in/cse.html]
[www.rnsit.ac.in/images/ece/3.jpg]
[www.rnsit.ac.in/images/ece/l1.jpg]
[www.rnsit.ac.in/images/ece/l2.jpg]
[www.rnsit.ac.in/images/ece/l3.jpg]
[www.rnsit.ac.in/images/ece/l4.jpg]
[www.rnsit.ac.in/images/ece/VTU Rank .pdf]
[www.rnsit.ac.in/images/ece/ecedeptpeopso.pdf]
[www.rnsit.ac.in/images/ece/eceinvited.pdf]
[www.rnsit.ac.in/images/ece/IEEE.pdf]
[www.rnsit.ac.in/images/ece/NewsLetter_Noesis.pdf]
[www.rnsit.ac.in/images/ece/best_practice.pdf]
[www.rnsit.ac.in/images/ece/Department Activities.pdf]
[www.rnsit.ac.in/images/ece/VLSI.pdf]
[www.rnsit.ac.in/images/ece/Events.pdf]
[www.rnsit.ac.in/images/ece/R-Dece.pdf]
[www.rnsit.ac.in/images/ece/publicationsece.pdf]
[www.rnsit.ac.in/images/ece/1.jpg]
[www.rnsit.ac.in/images/ece/2.jpg]
[www.rnsit.ac.in/images/ece/4.jpg]
[www.rnsit.ac.in/images/ece/Suresh.jpg]
[www.rnsit.ac.in/images/ece/DrMravindra.jpg]
[www.rnsit.ac.in/images/ece/5.jpg]
[www.rnsit.ac.in/images/ece/6.jpg]
[www.rnsit.ac.in/images/ece/7.jpg]
[www.rnsit.ac.in/images/ece/8.jpg]
[www.rnsit.ac.in/images/ece/9.jpg]
[www.rnsit.ac.in/images/ece/10.jpg]
[www.rnsit.ac.in/images/ece/11.jpg]
[www.rnsit.ac.in/images/ece/12.jpg]
[www.rnsit.ac.in/images/ece/13.jpg]
[www.rnsit.ac.in/images/ece/14.jpg]
[www.rnsit.ac.in/images/ece/15.jpg]
[www.rnsit.ac.in/images/ece/16.jpg]
[www.rnsit.ac.in/images/ece/17.jpg]
[www.rnsit.ac.in/images/ece/18.jpg]
[www.rnsit.ac.in/images/ece/19.jpg]
[www.rnsit.ac.in/images/ece/20.jpg]
[www.rnsit.ac.in/images/ece/21.jpg]
[www.rnsit.ac.in/images/ece/22.jpg]
[www.rnsit.ac.in/images/ece/23.jpg]
[www.rnsit.ac.in/images/ece/25.jpg]
[www.rnsit.ac.in/images/ece/29.jpg]
[www.rnsit.ac.in/images/ece/30.jpg]
[www.rnsit.ac.in/images/ece/31.jpg]
[www.rnsit.ac.in/images/ece/34.jpg]
[www.rnsit.ac.in/images/ece/apoorva.jpg]
[www.rnsit.ac.in/images/ece/Seema.jpg]
[www.rnsit.ac.in/images/ece/Ganesh.jpg]
[www.rnsit.ac.in/images/ece/35.jpg]
[www.rnsit.ac.in/images/ece/nirmala.jpg]
[www.rnsit.ac.in/images/ece/Dhanusha.jpg]
[www.rnsit.ac.in/images/ece/sushmatr.jpg]
[www.rnsit.ac.in/images/ece/36.jpg]
[www.rnsit.ac.in/images/ece/37.jpg]
[www.rnsit.ac.in/images/ece/38.jpg]
[www.rnsit.ac.in/images/ece/39.jpg]
[www.rnsit.ac.in/images/ece/40.jpg]
[www.rnsit.ac.in/images/ece/41.jpg]
[www.rnsit.ac.in/images/ece/42.jpg]
[www.rnsit.ac.in/images/ece/43.jpg]
[www.rnsit.ac.in/images/ece/44.jpg]
[www.rnsit.ac.in/images/ece/45.jpg]
[www.rnsit.ac.in/images/ece/Laxmi.jpg]
[www.rnsit.ac.in/images/ece/Apoorvahegde.JPG]
[www.rnsit.ac.in/images/ece/SushmaTR-2.JPG]
[www.rnsit.ac.in/ece.html]
[www.rnsit.ac.in/images/eee/lab1.jpg]
[www.rnsit.ac.in/images/eee/lab2.jpg]
[www.rnsit.ac.in/images/eee/ccube.jpg]
[www.rnsit.ac.in/images/eee/dsp_workshop.jpg]
[www.rnsit.ac.in/images/eee/pcb_fab.jpg]
[www.rnsit.ac.in/images/eee/proj_open_house.jpg]
[www.rnsit.ac.in/images/eee/vidyouth.jpg]
[www.rnsit.ac.in/images/eee/ITKeys.jpg]
[www.rnsit.ac.in/images/eee/eee_peo_pso.pdf]
[www.rnsit.ac.in/images/eee/1.jpg]
[www.rnsit.ac.in/images/eee/26.jpg]
[www.rnsit.ac.in/images/eee/4.jpg]
[www.rnsit.ac.in/images/eee/roopanayakee.jpg]
[www.rnsit.ac.in/images/eee/5.jpg]
[www.rnsit.ac.in/images/eee/6.jpg]
[www.rnsit.ac.in/images/eee/7.jpg]
[www.rnsit.ac.in/images/eee/8.jpg]
[www.rnsit.ac.in/images/eee/9.jpg]
[www.rnsit.ac.in/images/eee/10.jpg]
[www.rnsit.ac.in/images/eee/11.jpg]
[www.rnsit.ac.in/images/eee/12.jpg]
[www.rnsit.ac.in/images/eee/14.jpg]
[www.rnsit.ac.in/images/eee/sonyvenugopal.jpg]
[www.rnsit.ac.in/images/eee/eemanjunath.jpg]
[www.rnsit.ac.in/images/eee/15.jpg]
[www.rnsit.ac.in/images/eee/16.jpg]
[www.rnsit.ac.in/images/eee/17.jpg]
[www.rnsit.ac.in/images/eee/18.jpg]
[www.rnsit.ac.in/images/eee/19.jpg]
[www.rnsit.ac.in/images/eee/27.jpg]
[www.rnsit.ac.in/images/eee/20.jpg]
[www.rnsit.ac.in/images/eee/3.jpg]
[www.rnsit.ac.in/eee.html]
[www.rnsit.ac.in/images/ise/1.jpg]
[www.rnsit.ac.in/images/ise/lab1.jpg]
[www.rnsit.ac.in/images/ise/lab2.jpg]
[www.rnsit.ac.in/images/ise/lab3.jpg]
[www.rnsit.ac.in/images/ise/lab4.jpg]
[www.rnsit.ac.in/images/ise/or_co.pdf]
[www.rnsit.ac.in/images/ise/tech_talk.pdf]
[www.rnsit.ac.in/images/ise/ise_peo_po_pso.pdf]
[www.rnsit.ac.in/images/ise/Faculty_Profile/Dr.MVS.pdf]
[www.rnsit.ac.in/images/cse/4.jpg]
[www.rnsit.ac.in/images/ise/Faculty_Profile/Dr.Sathishs.pdf]
[www.rnsit.ac.in/images/ise/2.jpg]
[www.rnsit.ac.in/images/ise/Faculty_Profile/TSB.pdf]
[www.rnsit.ac.in/images/ise/3.jpg]
[www.rnsit.ac.in/images/ise/Faculty_Profile/Dr.Prakashas.pdf]
[www.rnsit.ac.in/images/ise/5.jpg]
[www.rnsit.ac.in/images/ise/Faculty_Profile/Rajkumarr.pdf]
[www.rnsit.ac.in/images/ise/6.jpg]
[www.rnsit.ac.in/images/ise/Faculty_Profile/KusumaS.pdf]
[www.rnsit.ac.in/images/ise/8.jpg]
[www.rnsit.ac.in/images/ise/Faculty_Profile/Ravikumarsg.pdf]
[www.rnsit.ac.in/images/ise/9.jpg]
[www.rnsit.ac.in/images/ise/Faculty_Profile/SudhaV.pdf]
[www.rnsit.ac.in/images/ise/10.jpg]
[www.rnsit.ac.in/images/ise/Faculty_Profile/Hema.pdf]
[www.rnsit.ac.in/images/ise/11.jpg]
[www.rnsit.ac.in/images/ise/Faculty_Profile/sowmyask.pdf]
[www.rnsit.ac.in/images/ise/12.jpg]
[www.rnsit.ac.in/images/ise/Faculty_Profile/TejashwiniP.pdf]
[www.rnsit.ac.in/images/ise/14.jpg]
[www.rnsit.ac.in/images/ise/Faculty_Profile/Vinuthagk.pdf]
[www.rnsit.ac.in/images/ise/15.jpg]
[www.rnsit.ac.in/images/ise/Faculty_Profile/Rameshsc.pdf]
[www.rnsit.ac.in/images/ise/17.jpg]
[www.rnsit.ac.in/images/ise/Faculty_Profile/vanishri.pdf]
[www.rnsit.ac.in/images/ise/18.jpg]
[www.rnsit.ac.in/images/ise/Faculty_Profile/kusumar.pdf]
[www.rnsit.ac.in/images/Manoranjan_ISE.jpg]
[www.rnsit.ac.in/images/ise/Faculty_Profile/Manoranjansr.pdf]
[www.rnsit.ac.in/images/Akshata_ISE.jpg]
[www.rnsit.ac.in/images/ise/Faculty_Profile/AkshataKittur.pdf]
[www.rnsit.ac.in/images/Shreedevi_ISE.jpg]
[www.rnsit.ac.in/images/ise/Faculty_Profile/sridevi.pdf]
[www.rnsit.ac.in/images/19.jpg]
[www.rnsit.ac.in/images/ise/Faculty_Profile/santhoshKumar.pdf]
[www.rnsit.ac.in/images/AnushaUA.jpg]
[www.rnsit.ac.in/images/ise/Faculty_Profile/AnushaU.pdf]
[www.rnsit.ac.in/images/kavyashreek.jpg]
[www.rnsit.ac.in/images/ise/Faculty_Profile/Kavyashree.pdf]
[www.rnsit.ac.in/images/chandanarani.jpg]
[www.rnsit.ac.in/images/ise/Faculty_Profile/Chandanrani.pdf]
[www.rnsit.ac.in/images/geethanjali.jpg]
[www.rnsit.ac.in/images/ise/Faculty_Profile/Geethanjalicm.pdf]
[www.rnsit.ac.in/images/ise/20.jpg]
[www.rnsit.ac.in/images/ise/21.jpg]
[www.rnsit.ac.in/images/ise/22.jpg]
[www.rnsit.ac.in/images/ise/23.jpg]
[www.rnsit.ac.in/images/ise/24.jpg]
[www.rnsit.ac.in/images/eie/17.jpg]
[www.rnsit.ac.in/images/ise/25.jpg]
[www.rnsit.ac.in/ise.html]
[www.rnsit.ac.in/images/eie/1.jpg]
[www.rnsit.ac.in/images/eie/lab/1.jpg]
[www.rnsit.ac.in/images/eie/lab/2.jpg]
[www.rnsit.ac.in/images/eie/lab/3.jpg]
[www.rnsit.ac.in/images/facilities.pdf]
[www.rnsit.ac.in/images/Achievements.166.delayed]
[www.rnsit.ac.in/images/workshopconferernces1.pdf]
[www.rnsit.ac.in/images/performance_eie_rnsit.pdf]
[www.rnsit.ac.in/images/newslettereie.pdf]
[www.rnsit.ac.in/images/projectopenhouse.pdf]
[www.rnsit.ac.in/images/Regularactivities.pdf]
[www.rnsit.ac.in/images/R-DworkEie.pdf]
[www.rnsit.ac.in/images/eie/2.jpg]
[www.rnsit.ac.in/images/eie/3.jpg]
[www.rnsit.ac.in/images/eie/4.jpg]
[www.rnsit.ac.in/images/eie/5.jpg]
[www.rnsit.ac.in/images/eie/6.jpg]
[www.rnsit.ac.in/images/eie/7.jpg]
[www.rnsit.ac.in/images/eie/8.jpg]
[www.rnsit.ac.in/images/eie/10.jpg]
[www.rnsit.ac.in/images/eie/12.jpg]
[www.rnsit.ac.in/images/eie/14.jpg]
[www.rnsit.ac.in/images/eie/13.jpg]
[www.rnsit.ac.in/images/eie/16.jpg]
[www.rnsit.ac.in/images/eie/18.jpg]
[www.rnsit.ac.in/eie.html]
[www.rnsit.ac.in/images/mech/lab1.jpg]
[www.rnsit.ac.in/images/mech/lab2.jpg]
[www.rnsit.ac.in/images/mech/lab3.jpg]
[www.rnsit.ac.in/images/mech/lab4.jpg]
[www.rnsit.ac.in/images/mech/lab5.jpg]
[www.rnsit.ac.in/images/mech/lab6.jpg]
[www.rnsit.ac.in/images/mech/mechdeptpeopso1.pdf]
[www.rnsit.ac.in/images/mech/mech_pictures.pdf]
[www.rnsit.ac.in/images/mech/Lab video link.pdf]
[www.rnsit.ac.in/images/mech/KSCST.pdf]
[www.rnsit.ac.in/images/mech/MINI_Project.pdf]
[www.rnsit.ac.in/images/mech/Rajyotsava.pdf]
[www.rnsit.ac.in/images/mech/UAV.pdf]
[www.rnsit.ac.in/images/mech/Yantra_2017.pdf]
[www.rnsit.ac.in/images/mech/Yantra_2018.pdf]
[www.rnsit.ac.in/images/mech/AW.pdf]
[www.rnsit.ac.in/images/mech/EVSC.pdf]
[www.rnsit.ac.in/images/mech/mechprop.pdf]
[www.rnsit.ac.in/images/mech/1.jpg]
[www.rnsit.ac.in/images/mech/2.jpg]
[www.rnsit.ac.in/images/mech/DrJoseph.jpg]
[www.rnsit.ac.in/images/mech/DrTKChandrashekar.jpg]
[www.rnsit.ac.in/images/mech/13.jpg]
[www.rnsit.ac.in/images/mech/3.jpg]
[www.rnsit.ac.in/images/mech/4.jpg]
[www.rnsit.ac.in/images/mech/6.jpg]
[www.rnsit.ac.in/images/mech/7.jpg]
[www.rnsit.ac.in/images/mech/8.jpg]
[www.rnsit.ac.in/images/mech/10.jpg]
[www.rnsit.ac.in/images/mech/11.jpg]
[www.rnsit.ac.in/images/mech/rohini.jpg]
[www.rnsit.ac.in/images/mech/15.jpg]
[www.rnsit.ac.in/images/mech/17.jpg]
[www.rnsit.ac.in/images/mech/18.jpg]
[www.rnsit.ac.in/images/mech/19.jpg]
[www.rnsit.ac.in/images/mech/20.jpg]
[www.rnsit.ac.in/images/mech/21.jpg]
[www.rnsit.ac.in/images/mech/22.jpg]
[www.rnsit.ac.in/images/mech/Ranganatha.jpg]
[www.rnsit.ac.in/images/mech/sanju.jpg]
[www.rnsit.ac.in/images/mech/mechrakshinthan.jpg]
[www.rnsit.ac.in/images/mech/rakesh.jpg]
[www.rnsit.ac.in/images/mech/madhusudhan.jpg]
[www.rnsit.ac.in/images/mech/prema.jpg]
[www.rnsit.ac.in/images/mech/niranjan.jpg]
[www.rnsit.ac.in/images/mech/23.jpg]
[www.rnsit.ac.in/images/mech/Manjunathn.jpg]
[www.rnsit.ac.in/images/mech/somashekarls.jpg]
[www.rnsit.ac.in/images/mech/24.jpg]
[www.rnsit.ac.in/images/mech/25.jpg]
[www.rnsit.ac.in/images/mech/26.jpg]
[www.rnsit.ac.in/images/mech/27.jpg]
[www.rnsit.ac.in/images/mech/mutturaj.jpg]
[www.rnsit.ac.in/images/mech/28.jpg]
[www.rnsit.ac.in/images/mech/29.jpg]
[www.rnsit.ac.in/images/mech/30.jpg]
[www.rnsit.ac.in/images/mech/31.jpg]
[www.rnsit.ac.in/images/mech/32.jpg]
[www.rnsit.ac.in/images/mech/manjunathgv.jpg]
[www.rnsit.ac.in/images/mech/33.jpg]
[www.rnsit.ac.in/mech.html]
[www.rnsit.ac.in/images/civ/1.jpg]
[www.rnsit.ac.in/images/civ/lab1.jpg]
[www.rnsit.ac.in/images/civ/lab2.jpg]
[www.rnsit.ac.in/images/civ/lab3.jpg]
[www.rnsit.ac.in/images/civ/pospeos.pdf]
[www.rnsit.ac.in/images/civ/UNNATHI_2018.pdf]
[www.rnsit.ac.in/images/civ/UNNATHI_2019.jpg]
[www.rnsit.ac.in/images/civ/Publicationdetails.pdf]
[www.rnsit.ac.in/images/civ/2.jpg]
[www.rnsit.ac.in/images/civ/3.jpg]
[www.rnsit.ac.in/images/civ/4.jpg]
[www.rnsit.ac.in/images/civ/8.jpg]
[www.rnsit.ac.in/images/civ/Dharmesh1.jpg]
[www.rnsit.ac.in/images/civ/Arjun.jpg]
[www.rnsit.ac.in/images/civ/Madhusudhana.jpg]
[www.rnsit.ac.in/images/civ/civmahadev.jpg]
[www.rnsit.ac.in/images/civ/Amulyathm.jpg]
[www.rnsit.ac.in/images/civ/MeghanGowda.jpg]
[www.rnsit.ac.in/images/civ/maheenrg.jpg]
[www.rnsit.ac.in/images/civ/ravikumarr.jpg]
[www.rnsit.ac.in/images/civ/SachinRK.jpg]
[www.rnsit.ac.in/images/civ/RameshN.jpg]
[www.rnsit.ac.in/images/civ/chandrashekarciv.jpg]
[www.rnsit.ac.in/images/civ/Girish.jpg]
[www.rnsit.ac.in/images/civ/Meghraj1.jpg]
[www.rnsit.ac.in/images/civ/Amulya.1d2.delayed]
[www.rnsit.ac.in/images/civ/Meghraj1-2.JPG]
[www.rnsit.ac.in/civil.html]
[www.rnsit.ac.in/images/mca/mca1.jpg]
[www.rnsit.ac.in/images/mca/lab/1.jpg]
[www.rnsit.ac.in/images/mca/lab/2.jpg]
[www.rnsit.ac.in/images/mca/lab/3.jpg]
[www.rnsit.ac.in/images/mca/mcapeopso.pdf]
[www.rnsit.ac.in/images/mca/2.jpg]
[www.rnsit.ac.in/images/mca/4.jpg]
[www.rnsit.ac.in/images/mca/5.jpg]
[www.rnsit.ac.in/images/mca/6.jpg]
[www.rnsit.ac.in/images/mca/7.jpg]
[www.rnsit.ac.in/images/mca/8.jpg]
[www.rnsit.ac.in/images/mca/9.jpg]
[www.rnsit.ac.in/images/mca/10.jpg]
[www.rnsit.ac.in/images/mca/nandangp.jpg]
[www.rnsit.ac.in/images/mca/13.jpg]
[www.rnsit.ac.in/images/mca/14.jpg]
[www.rnsit.ac.in/images/mca/15.jpg]
[www.rnsit.ac.in/images/mca/16.jpg]
[www.rnsit.ac.in/images/mca/18.jpg]
[www.rnsit.ac.in/images/mca/19.jpg]
[www.rnsit.ac.in/images/mca/20.jpg]
[www.rnsit.ac.in/images/mca/21.jpg]
[www.rnsit.ac.in/mca.html]
[www.rnsit.ac.in/images/phy/1.jpg]
[www.rnsit.ac.in/images/phy/2.jpg]
[www.rnsit.ac.in/images/phy/3.jpg]
[www.rnsit.ac.in/images/phy/4.jpg]
[www.rnsit.ac.in/images/phy/5.jpg]
[www.rnsit.ac.in/images/phy/9.jpg]
[www.rnsit.ac.in/images/phy/vidyalakshmiv.jpg]
[www.rnsit.ac.in/images/phy/7.jpg]
[www.rnsit.ac.in/images/phy/8.jpg]
[www.rnsit.ac.in/images/phy/vishwas.jpg]
[www.rnsit.ac.in/physics.html]
[www.rnsit.ac.in/images/chem/car1.jpg]
[www.rnsit.ac.in/images/chem/car2.jpg]
[www.rnsit.ac.in/images/chem/car3.jpg]
[www.rnsit.ac.in/images/chem/car4.jpg]
[www.rnsit.ac.in/images/chem/1.jpg]
[www.rnsit.ac.in/images/chem/2.jpg]
[www.rnsit.ac.in/images/chem/3.jpg]
[www.rnsit.ac.in/images/chem/4.jpg]
[www.rnsit.ac.in/images/chem/5.jpg]
[www.rnsit.ac.in/images/chem/tswamy.jpg]
[www.rnsit.ac.in/images/chem/supriyaprabhum.jpg]
[www.rnsit.ac.in/images/chem/6.jpg]
[www.rnsit.ac.in/images/chem/7.jpg]
[www.rnsit.ac.in/images/chem/8.jpg]
[www.rnsit.ac.in/images/chem/9.jpg]
[www.rnsit.ac.in/chemistry.html]
[www.rnsit.ac.in/images/math/3.jpg]
[www.rnsit.ac.in/images/math/6.jpg]
[www.rnsit.ac.in/images/mca/3.jpg]
[www.rnsit.ac.in/images/math/5.jpg]
[www.rnsit.ac.in/images/math/8.jpg]
[www.rnsit.ac.in/images/math/1.jpg]
[www.rnsit.ac.in/images/math/2.jpg]
[www.rnsit.ac.in/images/math/4.jpg]
[www.rnsit.ac.in/images/math/7.jpg]
[www.rnsit.ac.in/images/math/parvathim.jpg]
[www.rnsit.ac.in/images/math/sindhugb.jpg]
[www.rnsit.ac.in/mathematics.html]
[www.rnsit.ac.in/js/mainpage.js]
[www.rnsit.ac.in/alumni.html]
[www.rnsit.ac.in/images/office/off.jpg]
[www.rnsit.ac.in/admissions.html]
[www.rnsit.ac.in/images/cultural/synapse.jpg]
[www.rnsit.ac.in/images/cultural/ira.jpg]
[www.rnsit.ac.in/images/cultural/agm.jpg]
[www.rnsit.ac.in/images/cultural/Sports-7.jpg]
[www.rnsit.ac.in/images/cultural/Sports-4.jpg]
[www.rnsit.ac.in/images/cultural/Sports-5.jpg]
[www.rnsit.ac.in/images/cultural/aura.jpg]
[www.rnsit.ac.in/images/cultural/cat.jpg]
[www.rnsit.ac.in/cultural.html]
[www.rnsit.ac.in/images/facilities/bank1.jpg]
[www.rnsit.ac.in/images/facilities/bank2.jpg]
[www.rnsit.ac.in/images/facilities/gym.jpg]
[www.rnsit.ac.in/images/facilities/gym1.jpg]
[www.rnsit.ac.in/images/facilities/gym2.jpg]
[www.rnsit.ac.in/images/facilities/hostel.jpg]
[www.rnsit.ac.in/images/facilities/lib.jpg]
[www.rnsit.ac.in/images/facilities/lib1.jpg]
[www.rnsit.ac.in/images/facilities/lib2.jpg]
[www.rnsit.ac.in/images/facilities/Liblatha.jpg]
[www.rnsit.ac.in/images/facilities/cant1.jpg]
[www.rnsit.ac.in/images/facilities/cant2.jpg]
[www.rnsit.ac.in/images/facilities/cant3.jpg]
[www.rnsit.ac.in/images/facilities/cant4.jpg]
[www.rnsit.ac.in/images/facilities/bus.jpg]
[www.rnsit.ac.in/images/facilities/bus1.jpg]
[www.rnsit.ac.in/facilities.html]
[cdnjs.cloudflare.com/ajax/libs/materialize/0.100.2/css/materialize.min.css]
[www.gstatic.com/firebasejs/4.8.1/firebase.js]
[code.jquery.com/jquery-3.2.1.min.js]
[cdnjs.cloudflare.com/ajax/libs/materialize/0.100.2/js/materialize.min.js]
[www.rnsit.ac.in/Student-Portal/js/index.js]
[www.rnsit.ac.in/Student-Portal/index.html]
[www.rnsit.ac.in/images/chair.jpg]
[www.rnsit.ac.in/chairman.html]
[www.rnsit.ac.in/images/director.jpg]
[www.rnsit.ac.in/director.html]
[www.rnsit.ac.in/images/principal.jpg]
[www.rnsit.ac.in/principal.html]
[www.rnsit.ac.in/images/reg.jpg]
[www.rnsit.ac.in/registrar.html]
[www.rnsit.ac.in/contact-2.html]
[www.rnsit.ac.in/images/Convocation_Updated.html]
[www.rnsit.ac.in/rnsit_old/Naac.html]
[www.rnsit.ac.in/images/facebook.svg]
[www.rnsit.ac.in/images/instagram.svg]
[www.rnsit.ac.in/images/gmail.svg]
[www.rnsit.ac.in/images/twitter.svg]
[www.rnsit.ac.in/images/linkedin.svg]
[www.rnsit.ac.in/rnsit/serviceWorker.html]
[www.rnsit.ac.in/fonts/roboto/Roboto-Thin.html]
[www.rnsit.ac.in/fonts/roboto/Roboto-Light.html]
[www.rnsit.ac.in/fonts/roboto/Roboto-Regular.html]
[www.rnsit.ac.in/fonts/roboto/Roboto-Medium.html]
[www.rnsit.ac.in/fonts/roboto/Roboto-Bold.html]
[www.rnsit.ac.in/images/vint.html]
[www.rnsit.ac.in/imgages/logo.html]
[cdnjs.cloudflare.com/ajax/libs/materialize/0.98.1/css/materialize.min.css]
[www.rnsit.ac.in/css/dept.css]
[www.rnsit.ac.in/css/contact.css]
[www.rnsit.ac.in/index-2.html]
[www.rnsit.ac.in/css/modal.css]
[www.rnsit.ac.in/images/cse/Syllabus-VTU.rar]
[www.rnsit.ac.in/images/cse/Faculty_Profile/Dr.M J Sudhamani.html]
[www.rnsit.ac.in/images/cse/Faculty_Profile/SANJAY P K.html]
[www.rnsit.ac.in/images/cse/Faculty_Profile/Chetan D S.html]
[www.rnsit.ac.in/images/ece/Apoorvahegde.html]
[www.rnsit.ac.in/images/ece/SushmaTR.html]
[www.rnsit.ac.in/images/eee/26.jpg]
[www.rnsit.ac.in/images/ece/42.jpg]
[www.rnsit.ac.in/images/eee/4.jpg]
[www.rnsit.ac.in/images/eee/27.jpg]
[www.rnsit.ac.in/images/eee/3.jpg]
[www.rnsit.ac.in/images/Achievements.html]
[www.rnsit.ac.in/images/facilities.pdf]
[www.rnsit.ac.in/images/workshopconferernces1.pdf]
[www.rnsit.ac.in/images/Orientation.pdf]
[www.rnsit.ac.in/images/Industrialvisit.pdf]
[www.rnsit.ac.in/images/eie/eiedeptpeopso.pdf]
[www.rnsit.ac.in/images/mech/prema.jpg]
[www.rnsit.ac.in/images/mech/niranjan.jpg]
[www.rnsit.ac.in/images/mech/somashekarls.jpg]
[www.rnsit.ac.in/images/civ/Amulya.html]
[www.rnsit.ac.in/images/civ/Meghraj1.html]
[www.rnsit.ac.in/images/mech/24.jpg]
[www.rnsit.ac.in/css/alumni.css]
[www.rnsit.ac.in/js/mainpage.html]
[www.rnsit.ac.in/css/facilites.css]
[www.rnsit.ac.in/css/library.css]
[cdnjs.cloudflare.com/ajax/libs/materialize/0.100.2/css/materialize.min.css]
[www.rnsit.ac.in/Student-Portal/css/style.css]
[ff.kis.v2.scr.kaspersky-labs.com/FD126C42-EBFA-4E12-B309-BB3FDD723AC1/mainf93f.js]
